warning: in the working copy of 'content/core/locales/fr.json5', LF will be replaced by CRLF the next time Git touches it
warning: in the working copy of 'content/core/regional_worlds/simulation.json5', LF will be replaced by CRLF the next time Git touches it
warning: in the working copy of 'content/core/weapons/flamethrower.json5', LF will be replaced by CRLF the next time Git touches it
warning: in the working copy of 'content/core/weapons/fusil_a_induction.json5', LF will be replaced by CRLF the next time Git touches it
warning: in the working copy of 'content/core/weapons/fusil_a_nerf_tendu.json5', LF will be replaced by CRLF the next time Git touches it
warning: in the working copy of 'content/core/weapons/fusil_de_guetteur.json5', LF will be replaced by CRLF the next time Git touches it
warning: in the working copy of 'content/core/weapons/fusil_de_l_horizon_fendu.json5', LF will be replaced by CRLF the next time Git touches it
warning: in the working copy of 'content/core/weapons/fusil_de_parallaxe.json5', LF will be replaced by CRLF the next time Git touches it
warning: in the working copy of 'content/core/weapons/fusil_de_patrouille.json5', LF will be replaced by CRLF the next time Git touches it
warning: in the working copy of 'content/core/weapons/needle_launcher.json5', LF will be replaced by CRLF the next time Git touches it
warning: in the working copy of 'docs/BESTIAIRE_ET_RENCONTRES.md', LF will be replaced by CRLF the next time Git touches it
warning: in the working copy of 'docs/INTERFACE.md', LF will be replaced by CRLF the next time Git touches it
warning: in the working copy of 'docs/LABORATOIRE_DE_TEST.md', LF will be replaced by CRLF the next time Git touches it
warning: in the working copy of 'docs/MONDE_EXPLORATION_ET_PROGRESSION.md', LF will be replaced by CRLF the next time Git touches it
warning: in the working copy of 'docs/MOTEUR.md', LF will be replaced by CRLF the next time Git touches it
warning: in the working copy of 'docs/NOMS_DU_BESTIAIRE.md', LF will be replaced by CRLF the next time Git touches it
warning: in the working copy of 'docs/STATISTIQUES_ET_COMPETENCES.md', LF will be replaced by CRLF the next time Git touches it
warning: in the working copy of 'src/ai/behavior.rs', LF will be replaced by CRLF the next time Git touches it
warning: in the working copy of 'src/ai/mod.rs', LF will be replaced by CRLF the next time Git touches it
warning: in the working copy of 'src/ai/profile.rs', LF will be replaced by CRLF the next time Git touches it
warning: in the working copy of 'src/ascii_app.rs', LF will be replaced by CRLF the next time Git touches it
warning: in the working copy of 'src/combat/attack.rs', LF will be replaced by CRLF the next time Git touches it
warning: in the working copy of 'src/combat/mod.rs', LF will be replaced by CRLF the next time Git touches it
warning: in the working copy of 'src/content/expedition.rs', LF will be replaced by CRLF the next time Git touches it
warning: in the working copy of 'src/content/loader.rs', LF will be replaced by CRLF the next time Git touches it
warning: in the working copy of 'src/content/mod.rs', LF will be replaced by CRLF the next time Git touches it
warning: in the working copy of 'src/content/regional_world.rs', LF will be replaced by CRLF the next time Git touches it
warning: in the working copy of 'src/controls.rs', LF will be replaced by CRLF the next time Git touches it
warning: in the working copy of 'src/enemy_equipment.rs', LF will be replaced by CRLF the next time Git touches it
warning: in the working copy of 'src/entity/actor.rs', LF will be replaced by CRLF the next time Git touches it
warning: in the working copy of 'src/entity/ground_item.rs', LF will be replaced by CRLF the next time Git touches it
warning: in the working copy of 'src/game/equipment_bonuses.rs', LF will be replaced by CRLF the next time Git touches it
warning: in the working copy of 'src/game/event.rs', LF will be replaced by CRLF the next time Git touches it
warning: in the working copy of 'src/game/expedition.rs', LF will be replaced by CRLF the next time Git touches it
warning: in the working copy of 'src/game/game_state.rs', LF will be replaced by CRLF the next time Git touches it
warning: in the working copy of 'src/game/rules.rs', LF will be replaced by CRLF the next time Git touches it
warning: in the working copy of 'src/game/tactical_ai.rs', LF will be replaced by CRLF the next time Git touches it
warning: in the working copy of 'src/main.rs', LF will be replaced by CRLF the next time Git touches it
warning: in the working copy of 'src/pause_menu.rs', LF will be replaced by CRLF the next time Git touches it
warning: in the working copy of 'src/presentation.rs', LF will be replaced by CRLF the next time Git touches it
warning: in the working copy of 'src/resources.rs', LF will be replaced by CRLF the next time Git touches it
warning: in the working copy of 'src/suspension.rs', LF will be replaced by CRLF the next time Git touches it
warning: in the working copy of 'src/terminal_fx.rs', LF will be replaced by CRLF the next time Git touches it
warning: in the working copy of 'src/terminal_view.rs', LF will be replaced by CRLF the next time Git touches it
warning: in the working copy of 'src/test_regional.rs', LF will be replaced by CRLF the next time Git touches it
warning: in the working copy of 'src/test_sector.rs', LF will be replaced by CRLF the next time Git touches it
warning: in the working copy of 'src/ui_capture.rs', LF will be replaced by CRLF the next time Git touches it
warning: in the working copy of 'src/ui_theme.rs', LF will be replaced by CRLF the next time Git touches it
warning: in the working copy of 'src/visual_effects.rs', LF will be replaced by CRLF the next time Git touches it
warning: in the working copy of 'src/weapon/mod.rs', LF will be replaced by CRLF the next time Git touches it
warning: in the working copy of 'src/world/generation/mod.rs', LF will be replaced by CRLF the next time Git touches it
warning: in the working copy of 'src/world/generation/regional_fauna.rs', LF will be replaced by CRLF the next time Git touches it
warning: in the working copy of 'src/world/generation/regional_population.rs', LF will be replaced by CRLF the next time Git touches it
