warning: in the working copy of 'artifacts/ux-modernisation-2026-09-28/baseline-project/content/core/loot/regional_cache.json5', LF will be replaced by CRLF the next time Git touches it
warning: in the working copy of 'artifacts/ux-modernisation-2026-09-28/baseline-project/docs/AMELIORATION_EQUIPEMENT.md', LF will be replaced by CRLF the next time Git touches it
warning: in the working copy of 'artifacts/ux-modernisation-2026-09-28/baseline-project/docs/GENERATION_EQUIPEMENT.md', LF will be replaced by CRLF the next time Git touches it
warning: in the working copy of 'content/core/loot/regional_cache.json5', LF will be replaced by CRLF the next time Git touches it
warning: in the working copy of 'docs/AMELIORATION_EQUIPEMENT.md', LF will be replaced by CRLF the next time Git touches it
warning: in the working copy of 'docs/GENERATION_EQUIPEMENT.md', LF will be replaced by CRLF the next time Git touches it
warning: in the working copy of 'src/ascii_app.rs', LF will be replaced by CRLF the next time Git touches it
warning: in the working copy of 'src/content/loader.rs', LF will be replaced by CRLF the next time Git touches it
warning: in the working copy of 'src/continuous_expedition_tests.rs', LF will be replaced by CRLF the next time Git touches it
warning: in the working copy of 'src/controls.rs', LF will be replaced by CRLF the next time Git touches it
warning: in the working copy of 'src/effects_lab.rs', LF will be replaced by CRLF the next time Git touches it
warning: in the working copy of 'src/enemy_equipment.rs', LF will be replaced by CRLF the next time Git touches it
warning: in the working copy of 'src/enemy_equipment_tests.rs', LF will be replaced by CRLF the next time Git touches it
warning: in the working copy of 'src/entity/inventory.rs', LF will be replaced by CRLF the next time Git touches it
warning: in the working copy of 'src/equipment_affix_names.rs', LF will be replaced by CRLF the next time Git touches it
warning: in the working copy of 'src/equipment_commerce.rs', LF will be replaced by CRLF the next time Git touches it
warning: in the working copy of 'src/equipment_commerce_tests.rs', LF will be replaced by CRLF the next time Git touches it
warning: in the working copy of 'src/equipment_generation.rs', LF will be replaced by CRLF the next time Git touches it
warning: in the working copy of 'src/fauna_app.rs', LF will be replaced by CRLF the next time Git touches it
warning: in the working copy of 'src/first_layer_plan_tests.rs', LF will be replaced by CRLF the next time Git touches it
warning: in the working copy of 'src/game/command.rs', LF will be replaced by CRLF the next time Git touches it
warning: in the working copy of 'src/game/equipment_bonuses.rs', LF will be replaced by CRLF the next time Git touches it
warning: in the working copy of 'src/game/equipment_trade.rs', LF will be replaced by CRLF the next time Git touches it
warning: in the working copy of 'src/game/equipment_trade_tests.rs', LF will be replaced by CRLF the next time Git touches it
warning: in the working copy of 'src/game/expedition.rs', LF will be replaced by CRLF the next time Git touches it
warning: in the working copy of 'src/game/game_state.rs', LF will be replaced by CRLF the next time Git touches it
warning: in the working copy of 'src/game/mod.rs', LF will be replaced by CRLF the next time Git touches it
warning: in the working copy of 'src/game/rules.rs', LF will be replaced by CRLF the next time Git touches it
warning: in the working copy of 'src/hud_resources.rs', LF will be replaced by CRLF the next time Git touches it
warning: in the working copy of 'src/item/affix.rs', LF will be replaced by CRLF the next time Git touches it
warning: in the working copy of 'src/item/mod.rs', LF will be replaced by CRLF the next time Git touches it
warning: in the working copy of 'src/loot/equipment.rs', LF will be replaced by CRLF the next time Git touches it
warning: in the working copy of 'src/loot/equipment_tests.rs', LF will be replaced by CRLF the next time Git touches it
warning: in the working copy of 'src/loot/mod.rs', LF will be replaced by CRLF the next time Git touches it
warning: in the working copy of 'src/main.rs', LF will be replaced by CRLF the next time Git touches it
warning: in the working copy of 'src/narrative_app.rs', LF will be replaced by CRLF the next time Git touches it
warning: in the working copy of 'src/performance_capture.rs', LF will be replaced by CRLF the next time Git touches it
warning: in the working copy of 'src/surface_density.rs', LF will be replaced by CRLF the next time Git touches it
warning: in the working copy of 'src/suspension.rs', LF will be replaced by CRLF the next time Git touches it
warning: in the working copy of 'src/terminal_view.rs', LF will be replaced by CRLF the next time Git touches it
warning: in the working copy of 'src/test_sector.rs', LF will be replaced by CRLF the next time Git touches it
warning: in the working copy of 'src/ux.rs', LF will be replaced by CRLF the next time Git touches it
warning: in the working copy of 'src/weapon_supplies_app.rs', LF will be replaced by CRLF the next time Git touches it
warning: in the working copy of 'src/world/fov.rs', LF will be replaced by CRLF the next time Git touches it
warning: in the working copy of 'src/world/map.rs', LF will be replaced by CRLF the next time Git touches it
warning: in the working copy of 'src/world_context.rs', LF will be replaced by CRLF the next time Git touches it
