[PERF ACTION] {"max_ms":13.1693,"median_ms":9.181099999999999,"operation":"wait","scene":"recycling"}
[PERF ACTION] {"max_ms":9.7414,"median_ms":5.1971,"operation":"engine-snapshot","scene":"recycling"}
[PERF ACTION] {"max_ms":51.596000000000004,"median_ms":47.1282,"operation":"app-snapshot","scene":"recycling"}
[PERF ACTION] {"max_ms":22.1018,"median_ms":14.0532,"operation":"state-fingerprint","scene":"recycling"}
[PERF ACTION] {"max_ms":3.6478,"median_ms":3.4337999999999997,"operation":"content-fingerprints","scene":"recycling"}
[PERF ACTION] {"max_ms":74.6738,"median_ms":64.6024,"operation":"suspension","scene":"recycling"}
[PERF ACTION] {"max_ms":125.30930000000001,"median_ms":114.0315,"operation":"checkpoint","scene":"recycling"}
[PERF ACTION] {"max_ms":6.8416,"median_ms":6.6681,"operation":"wait","scene":"hub"}
[PERF ACTION] {"max_ms":5.8702,"median_ms":5.614,"operation":"engine-snapshot","scene":"hub"}
[PERF ACTION] {"max_ms":58.8017,"median_ms":48.5752,"operation":"app-snapshot","scene":"hub"}
[PERF ACTION] {"max_ms":14.7977,"median_ms":14.413499999999999,"operation":"state-fingerprint","scene":"hub"}
[PERF ACTION] {"max_ms":4.3547,"median_ms":3.4665999999999997,"operation":"content-fingerprints","scene":"hub"}
[PERF ACTION] {"max_ms":67.8167,"median_ms":67.2248,"operation":"suspension","scene":"hub"}
[PERF ACTION] {"max_ms":143.1883,"median_ms":133.7296,"operation":"checkpoint","scene":"hub"}
[PERF ACTION] {"max_ms":58.5627,"median_ms":43.5143,"operation":"wait","scene":"surface"}
[PERF ACTION] {"max_ms":8.7011,"median_ms":7.8452,"operation":"engine-snapshot","scene":"surface"}
[PERF ACTION] {"max_ms":66.9401,"median_ms":59.98,"operation":"app-snapshot","scene":"surface"}
[PERF ACTION] {"max_ms":20.553600000000003,"median_ms":19.9617,"operation":"state-fingerprint","scene":"surface"}
[PERF ACTION] {"max_ms":5.1235,"median_ms":3.4727,"operation":"content-fingerprints","scene":"surface"}
[PERF ACTION] {"max_ms":95.51469999999999,"median_ms":85.19699999999999,"operation":"suspension","scene":"surface"}
[PERF ACTION] {"max_ms":167.6206,"median_ms":156.4623,"operation":"checkpoint","scene":"surface"}
[PERF ACTION] {"max_ms":137.2011,"median_ms":128.26870000000002,"operation":"wait","scene":"depth-one"}
[PERF ACTION] {"max_ms":10.5792,"median_ms":10.113000000000001,"operation":"engine-snapshot","scene":"depth-one"}
[PERF ACTION] {"max_ms":78.3161,"median_ms":66.90599999999999,"operation":"app-snapshot","scene":"depth-one"}
[PERF ACTION] {"max_ms":31.9277,"median_ms":28.938399999999998,"operation":"state-fingerprint","scene":"depth-one"}
[PERF ACTION] {"max_ms":4.417199999999999,"median_ms":3.5437,"operation":"content-fingerprints","scene":"depth-one"}
[PERF ACTION] {"max_ms":109.841,"median_ms":95.4048,"operation":"suspension","scene":"depth-one"}
[PERF ACTION] {"max_ms":208.21280000000002,"median_ms":166.0054,"operation":"checkpoint","scene":"depth-one"}
