[PERF ACTION] {"max_ms":4.9268,"median_ms":4.3432,"operation":"wait","scene":"recycling"}
[PERF ACTION] {"max_ms":6.0373,"median_ms":5.7391,"operation":"engine-snapshot","scene":"recycling"}
[PERF ACTION] {"max_ms":29.957500000000003,"median_ms":25.596,"operation":"app-snapshot","scene":"recycling"}
[PERF ACTION] {"max_ms":23.8541,"median_ms":18.9759,"operation":"state-fingerprint","scene":"recycling"}
[PERF ACTION] {"max_ms":10.1877,"median_ms":9.6867,"operation":"content-fingerprints","scene":"recycling"}
[PERF ACTION] {"max_ms":81.8642,"median_ms":54.0567,"operation":"suspension","scene":"recycling"}
[PERF ACTION] {"max_ms":83.4933,"median_ms":78.4964,"operation":"checkpoint","scene":"recycling"}
[PERF ACTION] {"max_ms":5.6654,"median_ms":5.347700000000001,"operation":"wait","scene":"hub"}
[PERF ACTION] {"max_ms":6.5561,"median_ms":6.4407,"operation":"engine-snapshot","scene":"hub"}
[PERF ACTION] {"max_ms":33.4174,"median_ms":29.2163,"operation":"app-snapshot","scene":"hub"}
[PERF ACTION] {"max_ms":19.5871,"median_ms":18.9229,"operation":"state-fingerprint","scene":"hub"}
[PERF ACTION] {"max_ms":15.5029,"median_ms":15.1831,"operation":"content-fingerprints","scene":"hub"}
[PERF ACTION] {"max_ms":68.8164,"median_ms":58.51,"operation":"suspension","scene":"hub"}
[PERF ACTION] {"max_ms":92.3622,"median_ms":85.6729,"operation":"checkpoint","scene":"hub"}
[PERF ACTION] {"max_ms":6.766699999999999,"median_ms":6.4783,"operation":"wait","scene":"surface"}
[PERF ACTION] {"max_ms":12.7127,"median_ms":10.4796,"operation":"engine-snapshot","scene":"surface"}
[PERF ACTION] {"max_ms":40.105000000000004,"median_ms":38.6794,"operation":"app-snapshot","scene":"surface"}
[PERF ACTION] {"max_ms":25.050800000000002,"median_ms":24.762800000000002,"operation":"state-fingerprint","scene":"surface"}
[PERF ACTION] {"max_ms":12.2027,"median_ms":10.5945,"operation":"content-fingerprints","scene":"surface"}
[PERF ACTION] {"max_ms":80.842,"median_ms":74.3766,"operation":"suspension","scene":"surface"}
[PERF ACTION] {"max_ms":144.9809,"median_ms":117.34949999999999,"operation":"checkpoint","scene":"surface"}
[PERF ACTION] {"max_ms":1.9099,"median_ms":1.7166,"operation":"wait","scene":"depth-one"}
[PERF ACTION] {"max_ms":13.4133,"median_ms":11.0612,"operation":"engine-snapshot","scene":"depth-one"}
[PERF ACTION] {"max_ms":67.2119,"median_ms":48.9062,"operation":"app-snapshot","scene":"depth-one"}
[PERF ACTION] {"max_ms":43.5114,"median_ms":34.594300000000004,"operation":"state-fingerprint","scene":"depth-one"}
[PERF ACTION] {"max_ms":15.987500000000002,"median_ms":9.817,"operation":"content-fingerprints","scene":"depth-one"}
[PERF ACTION] {"max_ms":101.6352,"median_ms":88.65480000000001,"operation":"suspension","scene":"depth-one"}
[PERF ACTION] {"max_ms":154.3723,"median_ms":128.8397,"operation":"checkpoint","scene":"depth-one"}
