[PERF ACTION] {"max_ms":10.1873,"median_ms":9.704,"operation":"wait","scene":"recycling"}
[PERF ACTION] {"max_ms":5.428,"median_ms":5.2411,"operation":"engine-snapshot","scene":"recycling"}
[PERF ACTION] {"max_ms":52.786899999999996,"median_ms":47.4512,"operation":"app-snapshot","scene":"recycling"}
[PERF ACTION] {"max_ms":20.9297,"median_ms":14.125800000000002,"operation":"state-fingerprint","scene":"recycling"}
[PERF ACTION] {"max_ms":4.1247,"median_ms":3.3958999999999997,"operation":"content-fingerprints","scene":"recycling"}
[PERF ACTION] {"max_ms":90.9346,"median_ms":65.90129999999999,"operation":"suspension","scene":"recycling"}
[PERF ACTION] {"max_ms":140.69709999999998,"median_ms":117.8724,"operation":"checkpoint","scene":"recycling"}
[PERF ACTION] {"max_ms":7.991,"median_ms":7.366700000000001,"operation":"presentation-clone","scene":"recycling"}
[PERF ACTION] {"max_ms":31.5204,"median_ms":27.4466,"operation":"presentation-fingerprint","scene":"recycling"}
[PERF ACTION] {"max_ms":28.4281,"median_ms":26.1556,"operation":"presentation-bincode","scene":"recycling"}
[PERF ACTION] {"max_ms":17.195800000000002,"median_ms":14.952200000000001,"operation":"engine-byte-bincode","scene":"recycling"}
[PERF ACTION] {"max_ms":9.721,"median_ms":6.6349,"operation":"wait","scene":"hub"}
[PERF ACTION] {"max_ms":5.9149,"median_ms":5.6931,"operation":"engine-snapshot","scene":"hub"}
[PERF ACTION] {"max_ms":50.010600000000004,"median_ms":49.644,"operation":"app-snapshot","scene":"hub"}
[PERF ACTION] {"max_ms":14.528599999999999,"median_ms":14.291500000000001,"operation":"state-fingerprint","scene":"hub"}
[PERF ACTION] {"max_ms":3.8596,"median_ms":3.4115,"operation":"content-fingerprints","scene":"hub"}
[PERF ACTION] {"max_ms":79.1529,"median_ms":68.27600000000001,"operation":"suspension","scene":"hub"}
[PERF ACTION] {"max_ms":141.6847,"median_ms":125.2377,"operation":"checkpoint","scene":"hub"}
[PERF ACTION] {"max_ms":8.4748,"median_ms":7.2951,"operation":"presentation-clone","scene":"hub"}
[PERF ACTION] {"max_ms":37.02889999999999,"median_ms":30.9131,"operation":"presentation-fingerprint","scene":"hub"}
[PERF ACTION] {"max_ms":28.763299999999997,"median_ms":27.258000000000003,"operation":"presentation-bincode","scene":"hub"}
[PERF ACTION] {"max_ms":17.028000000000002,"median_ms":15.5829,"operation":"engine-byte-bincode","scene":"hub"}
[PERF ACTION] {"max_ms":50.006099999999996,"median_ms":43.1378,"operation":"wait","scene":"surface"}
[PERF ACTION] {"max_ms":8.706999999999999,"median_ms":7.957199999999999,"operation":"engine-snapshot","scene":"surface"}
[PERF ACTION] {"max_ms":83.0753,"median_ms":63.8615,"operation":"app-snapshot","scene":"surface"}
[PERF ACTION] {"max_ms":28.2845,"median_ms":26.542199999999998,"operation":"state-fingerprint","scene":"surface"}
[PERF ACTION] {"max_ms":5.015000000000001,"median_ms":3.5263,"operation":"content-fingerprints","scene":"surface"}
[PERF ACTION] {"max_ms":95.78649999999999,"median_ms":86.846,"operation":"suspension","scene":"surface"}
[PERF ACTION] {"max_ms":190.52710000000002,"median_ms":160.9759,"operation":"checkpoint","scene":"surface"}
[PERF ACTION] {"max_ms":16.1353,"median_ms":14.016499999999999,"operation":"presentation-clone","scene":"surface"}
[PERF ACTION] {"max_ms":45.1301,"median_ms":41.857600000000005,"operation":"presentation-fingerprint","scene":"surface"}
[PERF ACTION] {"max_ms":30.1506,"median_ms":21.4644,"operation":"presentation-bincode","scene":"surface"}
[PERF ACTION] {"max_ms":16.299999999999997,"median_ms":15.673599999999999,"operation":"engine-byte-bincode","scene":"surface"}
[PERF ACTION] {"max_ms":148.6395,"median_ms":127.9501,"operation":"wait","scene":"depth-one"}
[PERF ACTION] {"max_ms":10.1532,"median_ms":9.8934,"operation":"engine-snapshot","scene":"depth-one"}
[PERF ACTION] {"max_ms":86.43190000000001,"median_ms":69.5215,"operation":"app-snapshot","scene":"depth-one"}
[PERF ACTION] {"max_ms":23.7159,"median_ms":23.439600000000002,"operation":"state-fingerprint","scene":"depth-one"}
[PERF ACTION] {"max_ms":3.8232,"median_ms":3.4612000000000003,"operation":"content-fingerprints","scene":"depth-one"}
[PERF ACTION] {"max_ms":105.7989,"median_ms":100.4075,"operation":"suspension","scene":"depth-one"}
[PERF ACTION] {"max_ms":199.19819999999999,"median_ms":165.2259,"operation":"checkpoint","scene":"depth-one"}
[PERF ACTION] {"max_ms":17.122600000000002,"median_ms":14.852799999999998,"operation":"presentation-clone","scene":"depth-one"}
[PERF ACTION] {"max_ms":51.028200000000005,"median_ms":41.1096,"operation":"presentation-fingerprint","scene":"depth-one"}
[PERF ACTION] {"max_ms":30.0359,"median_ms":26.0524,"operation":"presentation-bincode","scene":"depth-one"}
[PERF ACTION] {"max_ms":20.9641,"median_ms":19.0243,"operation":"engine-byte-bincode","scene":"depth-one"}
