[PERF ACTION] {"max_ms":5.6211,"median_ms":4.4589,"operation":"wait","scene":"recycling"}
[PERF ACTION] {"max_ms":6.685499999999999,"median_ms":5.992,"operation":"engine-snapshot","scene":"recycling"}
[PERF ACTION] {"max_ms":36.682399999999994,"median_ms":27.910899999999998,"operation":"app-snapshot","scene":"recycling"}
[PERF ACTION] {"max_ms":27.5748,"median_ms":22.2513,"operation":"state-fingerprint","scene":"recycling"}
[PERF ACTION] {"max_ms":16.3099,"median_ms":12.0789,"operation":"content-fingerprints","scene":"recycling"}
[PERF ACTION] {"max_ms":78.7758,"median_ms":62.0104,"operation":"suspension","scene":"recycling"}
[PERF ACTION] {"max_ms":109.648,"median_ms":84.9761,"operation":"checkpoint","scene":"recycling"}
[PERF ACTION] {"max_ms":2.4101,"median_ms":1.7721,"operation":"wait","scene":"hub"}
[PERF ACTION] {"max_ms":11.4992,"median_ms":10.0556,"operation":"engine-snapshot","scene":"hub"}
[PERF ACTION] {"max_ms":46.6061,"median_ms":42.7652,"operation":"app-snapshot","scene":"hub"}
[PERF ACTION] {"max_ms":26.9656,"median_ms":23.0507,"operation":"state-fingerprint","scene":"hub"}
[PERF ACTION] {"max_ms":16.250899999999998,"median_ms":11.580200000000001,"operation":"content-fingerprints","scene":"hub"}
[PERF ACTION] {"max_ms":95.7367,"median_ms":83.7427,"operation":"suspension","scene":"hub"}
[PERF ACTION] {"max_ms":132.9624,"median_ms":112.0727,"operation":"checkpoint","scene":"hub"}
[PERF ACTION] {"max_ms":2.6903,"median_ms":2.3438,"operation":"wait","scene":"surface"}
[PERF ACTION] {"max_ms":16.316399999999998,"median_ms":13.8262,"operation":"engine-snapshot","scene":"surface"}
[PERF ACTION] {"max_ms":63.8668,"median_ms":53.510299999999994,"operation":"app-snapshot","scene":"surface"}
[PERF ACTION] {"max_ms":43.8962,"median_ms":35.8536,"operation":"state-fingerprint","scene":"surface"}
[PERF ACTION] {"max_ms":18.7953,"median_ms":15.103200000000001,"operation":"content-fingerprints","scene":"surface"}
[PERF ACTION] {"max_ms":149.0257,"median_ms":107.54260000000001,"operation":"suspension","scene":"surface"}
[PERF ACTION] {"max_ms":155.9608,"median_ms":152.50639999999999,"operation":"checkpoint","scene":"surface"}
[PERF ACTION] {"max_ms":2.4921,"median_ms":1.9143999999999999,"operation":"wait","scene":"depth-one"}
[PERF ACTION] {"max_ms":21.6112,"median_ms":14.523100000000001,"operation":"engine-snapshot","scene":"depth-one"}
[PERF ACTION] {"max_ms":75.495,"median_ms":65.8431,"operation":"app-snapshot","scene":"depth-one"}
[PERF ACTION] {"max_ms":45.2217,"median_ms":39.6154,"operation":"state-fingerprint","scene":"depth-one"}
[PERF ACTION] {"max_ms":18.2224,"median_ms":15.0528,"operation":"content-fingerprints","scene":"depth-one"}
[PERF ACTION] {"max_ms":126.61110000000001,"median_ms":119.7328,"operation":"suspension","scene":"depth-one"}
[PERF ACTION] {"max_ms":178.8408,"median_ms":170.1738,"operation":"checkpoint","scene":"depth-one"}
