[PERF ACTION] {"max_ms":10.5777,"median_ms":9.6169,"operation":"wait","scene":"recycling"}
[PERF ACTION] {"max_ms":5.6027000000000005,"median_ms":5.0296,"operation":"engine-snapshot","scene":"recycling"}
[PERF ACTION] {"max_ms":47.3074,"median_ms":45.843799999999995,"operation":"app-snapshot","scene":"recycling"}
[PERF ACTION] {"max_ms":14.0483,"median_ms":13.8599,"operation":"state-fingerprint","scene":"recycling"}
[PERF ACTION] {"max_ms":3.9722999999999997,"median_ms":3.5325,"operation":"content-fingerprints","scene":"recycling"}
[PERF ACTION] {"max_ms":76.3606,"median_ms":65.9517,"operation":"suspension","scene":"recycling"}
[PERF ACTION] {"max_ms":134.9638,"median_ms":129.3597,"operation":"checkpoint","scene":"recycling"}
[PERF ACTION] {"max_ms":6.8057,"median_ms":6.6063,"operation":"wait","scene":"hub"}
[PERF ACTION] {"max_ms":5.9646,"median_ms":5.5575,"operation":"engine-snapshot","scene":"hub"}
[PERF ACTION] {"max_ms":65.6196,"median_ms":58.2121,"operation":"app-snapshot","scene":"hub"}
[PERF ACTION] {"max_ms":14.749,"median_ms":14.3217,"operation":"state-fingerprint","scene":"hub"}
[PERF ACTION] {"max_ms":3.6073,"median_ms":3.4027,"operation":"content-fingerprints","scene":"hub"}
[PERF ACTION] {"max_ms":68.3068,"median_ms":67.36240000000001,"operation":"suspension","scene":"hub"}
[PERF ACTION] {"max_ms":147.1433,"median_ms":134.8494,"operation":"checkpoint","scene":"hub"}
[PERF ACTION] {"max_ms":9.417,"median_ms":8.501399999999999,"operation":"wait","scene":"surface"}
[PERF ACTION] {"max_ms":12.246699999999999,"median_ms":8.851700000000001,"operation":"engine-snapshot","scene":"surface"}
[PERF ACTION] {"max_ms":77.24730000000001,"median_ms":69.88759999999999,"operation":"app-snapshot","scene":"surface"}
[PERF ACTION] {"max_ms":32.329499999999996,"median_ms":22.0478,"operation":"state-fingerprint","scene":"surface"}
[PERF ACTION] {"max_ms":6.002000000000001,"median_ms":5.6996,"operation":"content-fingerprints","scene":"surface"}
[PERF ACTION] {"max_ms":100.6177,"median_ms":90.78179999999999,"operation":"suspension","scene":"surface"}
[PERF ACTION] {"max_ms":168.8629,"median_ms":156.8799,"operation":"checkpoint","scene":"surface"}
[PERF ACTION] {"max_ms":1.8128,"median_ms":1.482,"operation":"wait","scene":"depth-one"}
[PERF ACTION] {"max_ms":10.0731,"median_ms":9.9534,"operation":"engine-snapshot","scene":"depth-one"}
[PERF ACTION] {"max_ms":92.8029,"median_ms":85.81869999999999,"operation":"app-snapshot","scene":"depth-one"}
[PERF ACTION] {"max_ms":23.912300000000002,"median_ms":23.3589,"operation":"state-fingerprint","scene":"depth-one"}
[PERF ACTION] {"max_ms":3.6813000000000002,"median_ms":3.4813,"operation":"content-fingerprints","scene":"depth-one"}
[PERF ACTION] {"max_ms":105.5481,"median_ms":96.0805,"operation":"suspension","scene":"depth-one"}
[PERF ACTION] {"max_ms":210.19129999999998,"median_ms":175.19989999999999,"operation":"checkpoint","scene":"depth-one"}
