[PERF ACTION] {"max_ms":7.0097,"median_ms":5.7344,"operation":"wait","scene":"recycling"}
[PERF ACTION] {"max_ms":9.032399999999999,"median_ms":7.8481000000000005,"operation":"engine-snapshot","scene":"recycling"}
[PERF ACTION] {"max_ms":43.532399999999996,"median_ms":35.8425,"operation":"app-snapshot","scene":"recycling"}
[PERF ACTION] {"max_ms":25.8776,"median_ms":23.6422,"operation":"state-fingerprint","scene":"recycling"}
[PERF ACTION] {"max_ms":15.988999999999999,"median_ms":13.9743,"operation":"content-fingerprints","scene":"recycling"}
[PERF ACTION] {"max_ms":89.2466,"median_ms":71.029,"operation":"suspension","scene":"recycling"}
[PERF ACTION] {"max_ms":111.78349999999999,"median_ms":98.5506,"operation":"checkpoint","scene":"recycling"}
[PERF ACTION] {"max_ms":6.5099,"median_ms":6.1793000000000005,"operation":"checkpoint-capture","scene":"recycling"}
[PERF ACTION] {"max_ms":9.4322,"median_ms":7.464799999999999,"operation":"checkpoint-submit","scene":"recycling"}
[PERF ACTION] {"max_ms":1.9808999999999999,"median_ms":1.7456,"operation":"wait","scene":"hub"}
[PERF ACTION] {"max_ms":13.1202,"median_ms":9.4611,"operation":"engine-snapshot","scene":"hub"}
[PERF ACTION] {"max_ms":38.8392,"median_ms":38.2228,"operation":"app-snapshot","scene":"hub"}
[PERF ACTION] {"max_ms":29.5184,"median_ms":27.234,"operation":"state-fingerprint","scene":"hub"}
[PERF ACTION] {"max_ms":16.4798,"median_ms":14.239999999999998,"operation":"content-fingerprints","scene":"hub"}
[PERF ACTION] {"max_ms":91.6734,"median_ms":83.2212,"operation":"suspension","scene":"hub"}
[PERF ACTION] {"max_ms":133.8199,"median_ms":122.3509,"operation":"checkpoint","scene":"hub"}
[PERF ACTION] {"max_ms":9.1821,"median_ms":7.867000000000001,"operation":"checkpoint-capture","scene":"hub"}
[PERF ACTION] {"max_ms":8.7918,"median_ms":8.105599999999999,"operation":"checkpoint-submit","scene":"hub"}
[PERF ACTION] {"max_ms":3.2531,"median_ms":2.814,"operation":"wait","scene":"surface"}
[PERF ACTION] {"max_ms":17.9316,"median_ms":15.756200000000002,"operation":"engine-snapshot","scene":"surface"}
[PERF ACTION] {"max_ms":71.7654,"median_ms":65.5734,"operation":"app-snapshot","scene":"surface"}
[PERF ACTION] {"max_ms":39.9203,"median_ms":37.475,"operation":"state-fingerprint","scene":"surface"}
[PERF ACTION] {"max_ms":15.5559,"median_ms":14.056000000000001,"operation":"content-fingerprints","scene":"surface"}
[PERF ACTION] {"max_ms":118.8917,"median_ms":100.6354,"operation":"suspension","scene":"surface"}
[PERF ACTION] {"max_ms":150.8005,"median_ms":136.4043,"operation":"checkpoint","scene":"surface"}
[PERF ACTION] {"max_ms":10.769400000000001,"median_ms":8.6602,"operation":"checkpoint-capture","scene":"surface"}
[PERF ACTION] {"max_ms":10.5532,"median_ms":9.3005,"operation":"checkpoint-submit","scene":"surface"}
[PERF ACTION] {"max_ms":3.2673,"median_ms":2.921,"operation":"wait","scene":"depth-one"}
[PERF ACTION] {"max_ms":18.9127,"median_ms":17.4929,"operation":"engine-snapshot","scene":"depth-one"}
[PERF ACTION] {"max_ms":72.8155,"median_ms":69.5731,"operation":"app-snapshot","scene":"depth-one"}
[PERF ACTION] {"max_ms":38.4383,"median_ms":35.4974,"operation":"state-fingerprint","scene":"depth-one"}
[PERF ACTION] {"max_ms":17.1276,"median_ms":14.839599999999999,"operation":"content-fingerprints","scene":"depth-one"}
[PERF ACTION] {"max_ms":116.85619999999999,"median_ms":108.8813,"operation":"suspension","scene":"depth-one"}
[PERF ACTION] {"max_ms":184.3536,"median_ms":158.9425,"operation":"checkpoint","scene":"depth-one"}
[PERF ACTION] {"max_ms":10.073500000000001,"median_ms":9.1277,"operation":"checkpoint-capture","scene":"depth-one"}
[PERF ACTION] {"max_ms":10.4651,"median_ms":9.8407,"operation":"checkpoint-submit","scene":"depth-one"}
