[TURN] active 1 6.620
[TURN] facility 1 20.473
[TURN] active 2 6.309
[TURN] facility 2 18.819
[TURN] active 3 6.121
[TURN] facility 3 18.380
[TURN] active 4 6.755
[TURN] facility 4 19.046
[TURN] active 5 6.083
[TURN] facility 5 17.933
[TURN] active 6 6.065
[TURN] facility 6 17.655
[TURN] active 7 7.042
[TURN] facility 7 18.826
[TURN] active 8 6.359
[TURN] facility 8 18.850
[PERF ACTION] {"max_ms":22.8995,"median_ms":21.0328,"operation":"wait","scene":"recycling"}
[PERF ACTION] {"max_ms":6.4218,"median_ms":5.62,"operation":"engine-snapshot","scene":"recycling"}
[PERF ACTION] {"max_ms":85.6131,"median_ms":70.8258,"operation":"app-snapshot","scene":"recycling"}
[PERF ACTION] {"max_ms":18.0089,"median_ms":14.2905,"operation":"state-fingerprint","scene":"recycling"}
[PERF ACTION] {"max_ms":3.7154000000000003,"median_ms":3.5109,"operation":"content-fingerprints","scene":"recycling"}
[PERF ACTION] {"max_ms":96.3261,"median_ms":90.54339999999999,"operation":"suspension","scene":"recycling"}
[PERF ACTION] {"max_ms":165.0037,"median_ms":141.9255,"operation":"checkpoint","scene":"recycling"}
[PERF ACTION] {"max_ms":13.1365,"median_ms":11.8142,"operation":"presentation-clone","scene":"recycling"}
[PERF ACTION] {"max_ms":32.3651,"median_ms":30.209400000000002,"operation":"presentation-fingerprint","scene":"recycling"}
[PERF ACTION] {"max_ms":26.0942,"median_ms":23.0406,"operation":"presentation-bincode","scene":"recycling"}
[PERF ACTION] {"max_ms":11.8689,"median_ms":11.536100000000001,"operation":"engine-byte-bincode","scene":"recycling"}
[TURN] active 9 14.222
[TURN] facility 9 25.314
[TURN] active 10 12.587
[TURN] facility 10 22.544
[TURN] active 11 12.463
[TURN] facility 11 22.298
[TURN] active 12 12.639
[TURN] facility 12 22.048
[TURN] active 13 12.277
[TURN] facility 13 21.912
[TURN] active 14 12.384
[TURN] facility 14 21.536
[TURN] active 15 12.512
[TURN] facility 15 21.510
[TURN] active 16 12.502
[TURN] facility 16 21.082
[TURN] active 17 12.398
[TURN] facility 17 21.163
[TURN] active 18 6.237
[TURN] facility 18 12.303
[TURN] active 19 12.276
[TURN] facility 19 18.259
[TURN] active 20 12.745
[TURN] facility 20 18.338
[TURN] active 21 12.278
[TURN] facility 21 17.902
[TURN] active 22 12.312
[TURN] facility 22 17.405
[TURN] active 23 12.412
[TURN] facility 23 17.368
[TURN] active 24 12.089
[TURN] facility 24 18.738
[TURN] active 25 6.154
[TURN] facility 25 12.655
[TURN] active 26 12.487
[TURN] facility 26 18.830
[TURN] active 27 13.293
[TURN] facility 27 19.523
[TURN] active 28 12.506
[TURN] facility 28 16.997
[TURN] active 29 13.348
[TURN] facility 29 19.175
[TURN] active 30 14.008
[TURN] facility 30 20.146
[TURN] active 31 19.796
[TURN] facility 31 26.213
[TURN] active 32 16.244
[TURN] facility 32 22.483
[TURN] active 33 14.018
[TURN] facility 33 18.114
[TURN] active 34 15.852
[TURN] facility 34 19.931
[TURN] active 35 12.498
[TURN] facility 35 16.260
[TURN] active 36 12.635
[TURN] facility 36 16.316
[TURN] active 37 13.344
[TURN] facility 37 18.643
[TURN] active 38 12.905
[TURN] facility 38 17.852
[TURN] active 39 16.328
[TURN] facility 39 20.995
[TURN] active 40 15.230
[TURN] facility 40 18.529
[TURN] active 41 12.863
[TURN] facility 41 16.074
[TURN] active 42 12.250
[TURN] facility 42 15.421
[TURN] active 43 14.726
[TURN] facility 43 18.336
[TURN] active 44 12.955
[TURN] facility 44 16.185
[TURN] active 45 12.379
[TURN] facility 45 35.462
[TURN] active 46 9.105
[TURN] facility 46 50.829
[TURN] active 47 1.761
[TURN] facility 47 28.064
[TURN] active 48 14.020
[TURN] facility 48 38.662
[TURN] active 49 13.147
[TURN] facility 49 17.743
[TURN] active 50 15.526
[TURN] facility 50 20.582
[TURN] active 51 13.089
[TURN] facility 51 17.223
[TURN] active 52 13.665
[TURN] facility 52 17.862
[TURN] active 53 13.142
[TURN] facility 53 17.647
[TURN] active 54 12.937
[TURN] facility 54 16.654
[TURN] active 55 14.435
[TURN] facility 55 19.659
[TURN] active 56 14.598
[TURN] facility 56 18.626
[TURN] active 57 14.267
[TURN] facility 57 18.040
[TURN] active 58 12.757
[TURN] facility 58 16.057
[TURN] active 59 13.627
[TURN] facility 59 17.986
[TURN] active 60 25.365
[TURN] facility 60 29.189
[TURN] active 61 16.106
[TURN] facility 61 23.120
[TURN] active 62 17.404
[TURN] facility 62 20.789
[TURN] active 63 15.620
[TURN] facility 63 18.826
[TURN] active 64 14.574
[TURN] facility 64 17.367
[TURN] active 65 12.987
[TURN] facility 65 15.379
[TURN] active 66 12.857
[TURN] facility 66 15.459
[TURN] active 67 21.711
[TURN] facility 67 24.505
[TURN] active 68 12.883
[TURN] facility 68 14.751
[TURN] active 69 12.847
[TURN] facility 69 14.890
[TURN] active 70 12.954
[TURN] facility 70 14.843
[TURN] active 71 12.262
[TURN] facility 71 13.985
[TURN] active 72 12.564
[TURN] facility 72 14.259
[TURN] active 73 12.315
[TURN] facility 73 13.880
[TURN] active 74 12.188
[TURN] facility 74 14.304
[TURN] active 75 12.395
[TURN] facility 75 14.094
[TURN] active 76 12.608
[TURN] facility 76 14.178
[TURN] active 77 12.096
[TURN] facility 77 13.422
[TURN] active 78 12.336
[TURN] facility 78 13.647
[TURN] active 79 12.299
[TURN] facility 79 13.584
[TURN] active 80 13.243
[TURN] facility 80 24.236
[TURN] active 81 12.593
[TURN] facility 81 24.850
[TURN] active 82 12.702
[TURN] facility 82 18.637
[TURN] active 83 12.704
[TURN] facility 83 13.909
[TURN] active 84 12.308
[TURN] facility 84 15.503
[TURN] active 85 12.157
[TURN] facility 85 15.674
[TURN] active 86 14.056
[TURN] facility 86 16.767
[TURN] active 87 15.169
[TURN] facility 87 17.910
[TURN] active 88 19.135
[TURN] facility 88 21.483
[TURN] active 89 15.460
[TURN] facility 89 23.274
[TURN] active 90 17.971
[TURN] facility 90 26.959
[TURN] active 91 15.052
[TURN] facility 91 22.068
[TURN] active 92 12.418
[TURN] facility 92 19.133
[TURN] active 93 16.489
[TURN] facility 93 25.880
[TURN] active 94 13.075
[TURN] facility 94 20.032
[TURN] active 95 15.820
[TURN] facility 95 22.929
[TURN] active 96 15.440
[TURN] facility 96 22.660
[TURN] active 97 17.955
[TURN] facility 97 25.217
[TURN] active 98 12.777
[TURN] facility 98 21.633
[TURN] active 99 17.689
[TURN] facility 99 24.679
[TURN] active 100 15.110
[TURN] facility 100 21.702
[TURN] active 101 13.190
[TURN] facility 101 19.068
[TURN] active 102 13.033
[TURN] facility 102 20.035
[TURN] active 103 14.913
[TURN] facility 103 20.731
[TURN] active 104 13.206
[TURN] facility 104 20.272
[TURN] active 105 17.449
[TURN] facility 105 23.079
[TURN] active 106 13.338
[TURN] facility 106 18.777
[TURN] active 107 13.715
[TURN] facility 107 19.252
[TURN] active 108 14.425
[TURN] facility 108 21.028
[TURN] active 109 14.721
[TURN] facility 109 20.351
[TURN] active 110 14.757
[TURN] facility 110 20.361
[TURN] active 111 14.678
[TURN] facility 111 19.793
[TURN] active 112 13.730
[TURN] facility 112 18.460
[TURN] active 113 13.920
[TURN] facility 113 18.593
[TURN] active 114 14.067
[TURN] facility 114 19.072
[TURN] active 115 13.470
[TURN] facility 115 17.949
[TURN] active 116 13.398
[TURN] facility 116 17.831
[TURN] active 117 13.072
[TURN] facility 117 17.190
[TURN] active 118 12.731
[TURN] facility 118 16.981
[TURN] active 119 12.598
[TURN] facility 119 16.590
[TURN] active 120 12.405
[TURN] facility 120 16.572
[TURN] active 121 13.268
[TURN] facility 121 20.892
[TURN] active 122 16.433
[TURN] facility 122 29.936
[TURN] active 123 13.220
[TURN] facility 123 32.872
[TURN] active 124 12.835
[TURN] facility 124 18.005
[TURN] active 125 13.494
[TURN] facility 125 18.549
[TURN] active 126 12.688
[TURN] facility 126 17.384
[TURN] active 127 12.796
[TURN] facility 127 17.433
[TURN] active 128 12.245
[TURN] facility 128 16.747
[TURN] active 129 12.775
[TURN] facility 129 19.098
[TURN] active 130 13.260
[TURN] facility 130 19.134
[TURN] active 131 14.259
[TURN] facility 131 19.294
[TURN] active 132 16.827
[TURN] facility 132 21.456
[TURN] active 133 14.240
[TURN] facility 133 18.838
[TURN] active 134 13.761
[TURN] facility 134 17.913
[TURN] active 135 13.363
[TURN] facility 135 17.194
[TURN] active 136 13.551
[TURN] facility 136 17.702
[TURN] active 137 17.465
[TURN] facility 137 21.988
[TURN] active 138 13.253
[TURN] facility 138 18.346
[TURN] active 139 16.158
[TURN] facility 139 20.496
[TURN] active 140 13.594
[TURN] facility 140 17.477
[TURN] active 141 20.342
[TURN] facility 141 24.440
[TURN] active 142 22.131
[TURN] facility 142 25.640
[TURN] active 143 20.841
[TURN] facility 143 24.127
[TURN] active 144 21.087
[TURN] facility 144 24.228
[TURN] active 145 21.037
[TURN] facility 145 24.120
[TURN] active 146 21.767
[TURN] facility 146 24.443
[TURN] active 147 20.602
[TURN] facility 147 23.873
[TURN] active 148 21.136
[TURN] facility 148 23.293
[TURN] active 149 13.803
[TURN] facility 149 15.751
[TURN] active 150 13.518
[TURN] facility 150 15.572
[TURN] active 151 13.233
[TURN] facility 151 15.450
[TURN] active 152 6.655
[TURN] facility 152 8.659
[TURN] active 153 6.196
[TURN] facility 153 7.869
[TURN] active 154 6.376
[TURN] facility 154 7.936
[TURN] active 155 6.341
[TURN] facility 155 8.280
[TURN] active 156 6.300
[TURN] facility 156 7.927
[TURN] active 157 6.474
[TURN] facility 157 8.197
[TURN] active 158 6.277
[TURN] facility 158 7.796
[TURN] active 159 6.293
[TURN] facility 159 7.725
[PERF ACTION] {"max_ms":9.769,"median_ms":9.2205,"operation":"wait","scene":"hub"}
[PERF ACTION] {"max_ms":6.5748,"median_ms":5.9344,"operation":"engine-snapshot","scene":"hub"}
[PERF ACTION] {"max_ms":82.0998,"median_ms":73.09649999999999,"operation":"app-snapshot","scene":"hub"}
[PERF ACTION] {"max_ms":16.581599999999998,"median_ms":14.4897,"operation":"state-fingerprint","scene":"hub"}
[PERF ACTION] {"max_ms":3.5791999999999997,"median_ms":3.0743,"operation":"content-fingerprints","scene":"hub"}
[PERF ACTION] {"max_ms":106.0786,"median_ms":93.277,"operation":"suspension","scene":"hub"}
[PERF ACTION] {"max_ms":186.33620000000002,"median_ms":156.94140000000002,"operation":"checkpoint","scene":"hub"}
[PERF ACTION] {"max_ms":13.684099999999999,"median_ms":12.5211,"operation":"presentation-clone","scene":"hub"}
[PERF ACTION] {"max_ms":44.3973,"median_ms":32.7749,"operation":"presentation-fingerprint","scene":"hub"}
[PERF ACTION] {"max_ms":21.4195,"median_ms":20.8556,"operation":"presentation-bincode","scene":"hub"}
[PERF ACTION] {"max_ms":24.315199999999997,"median_ms":15.522599999999999,"operation":"engine-byte-bincode","scene":"hub"}
[TURN] active 160 293.566
[TURN] facility 160 312.212
[TURN] background 160 core:starter_city 354.056
[TURN] active 161 8.883
[TURN] facility 161 10.593
[TURN] background 161 core:starter_city 53.571
[TURN] active 162 5.577
[TURN] facility 162 6.643
[TURN] background 162 core:starter_city 36.166
[TURN] active 163 5.643
[TURN] facility 163 6.669
[TURN] background 163 core:starter_city 45.965
[TURN] active 164 5.497
[TURN] facility 164 6.531
[TURN] background 164 core:starter_city 46.077
[TURN] active 165 5.845
[TURN] facility 165 6.922
[TURN] background 165 core:starter_city 47.068
[TURN] active 166 9.380
[TURN] facility 166 10.927
[TURN] background 166 core:starter_city 49.651
[TURN] active 167 5.593
[TURN] facility 167 6.988
[TURN] background 167 core:starter_city 37.167
[TURN] active 168 7.794
[TURN] facility 168 9.723
[TURN] background 168 core:starter_city 55.177
[PERF ACTION] {"max_ms":57.7358,"median_ms":49.0978,"operation":"wait","scene":"surface"}
[PERF ACTION] {"max_ms":11.0102,"median_ms":9.092899999999998,"operation":"engine-snapshot","scene":"surface"}
[PERF ACTION] {"max_ms":121.04379999999999,"median_ms":109.6617,"operation":"app-snapshot","scene":"surface"}
[PERF ACTION] {"max_ms":26.916800000000002,"median_ms":23.177599999999998,"operation":"state-fingerprint","scene":"surface"}
[PERF ACTION] {"max_ms":5.3431,"median_ms":3.0267,"operation":"content-fingerprints","scene":"surface"}
[PERF ACTION] {"max_ms":137.3015,"median_ms":125.2141,"operation":"suspension","scene":"surface"}
[PERF ACTION] {"max_ms":250.6522,"median_ms":186.3741,"operation":"checkpoint","scene":"surface"}
[PERF ACTION] {"max_ms":15.5067,"median_ms":15.0932,"operation":"presentation-clone","scene":"surface"}
[PERF ACTION] {"max_ms":32.367,"median_ms":28.2985,"operation":"presentation-fingerprint","scene":"surface"}
[PERF ACTION] {"max_ms":22.2449,"median_ms":20.9806,"operation":"presentation-bincode","scene":"surface"}
[PERF ACTION] {"max_ms":23.0363,"median_ms":16.8367,"operation":"engine-byte-bincode","scene":"surface"}
[TURN] active 169 18.114
[TURN] facility 169 30.700
[TURN] background 169 core:starter_city 281.231
[TURN] active 170 13.267
[TURN] facility 170 14.990
[TURN] background 170 core:starter_city 256.344
[TURN] active 171 17.474
[TURN] facility 171 19.150
[TURN] background 171 core:starter_city 235.829
[TURN] active 172 11.746
[TURN] facility 172 13.101
[TURN] background 172 core:starter_city 226.713
[TURN] active 173 12.915
[TURN] facility 173 14.531
[TURN] background 173 core:starter_city 221.830
[TURN] active 174 12.766
[TURN] facility 174 14.412
[TURN] background 174 core:starter_city 220.750
[TURN] active 175 14.300
[TURN] facility 175 15.893
[TURN] background 175 core:starter_city 251.015
[TURN] active 176 17.639
[TURN] facility 176 19.059
[TURN] background 176 core:starter_city 270.716
[TURN] active 177 25.584
[TURN] facility 177 27.544
[TURN] background 177 core:starter_city 254.766
[TURN] active 178 17.254
[TURN] facility 178 18.448
[TURN] background 178 core:starter_city 216.456
[TURN] active 179 16.346
[TURN] facility 179 17.501
[TURN] background 179 core:starter_city 221.132
[TURN] active 180 19.328
[TURN] facility 180 20.917
[TURN] background 180 core:starter_city 214.488
[TURN] active 181 16.464
[TURN] facility 181 17.761
[TURN] background 181 core:starter_city 208.299
[TURN] active 182 11.609
[TURN] facility 182 12.852
[TURN] background 182 core:starter_city 207.209
[TURN] active 183 11.466
[TURN] facility 183 12.661
[TURN] background 183 core:starter_city 204.343
[TURN] active 184 11.444
[TURN] facility 184 12.640
[TURN] background 184 core:starter_city 228.673
[TURN] active 185 25.272
[TURN] facility 185 27.022
[TURN] background 185 core:starter_city 251.217
[TURN] active 186 18.351
[TURN] facility 186 19.758
[TURN] background 186 core:starter_city 238.359
[TURN] active 187 16.822
[TURN] facility 187 18.605
[TURN] background 187 core:starter_city 222.442
[TURN] active 188 19.500
[TURN] facility 188 20.966
[TURN] background 188 core:starter_city 222.479
[TURN] active 189 20.128
[TURN] facility 189 21.805
[TURN] background 189 core:starter_city 220.727
[TURN] active 190 18.229
[TURN] facility 190 19.504
[TURN] background 190 core:starter_city 219.584
[TURN] active 191 13.288
[TURN] facility 191 14.782
[TURN] background 191 core:starter_city 225.156
[TURN] active 192 11.666
[TURN] facility 192 13.261
[TURN] background 192 core:starter_city 228.285
[TURN] active 193 11.510
[TURN] facility 193 12.819
[TURN] background 193 core:starter_city 218.834
[TURN] active 194 17.058
[TURN] facility 194 18.367
[TURN] background 194 core:starter_city 51.627
[TURN] active 195 17.435
[TURN] facility 195 18.891
[TURN] background 195 core:starter_city 52.222
[TURN] active 196 12.375
[TURN] facility 196 13.860
[TURN] background 196 core:starter_city 60.728
[TURN] active 197 17.555
[TURN] facility 197 18.819
[TURN] background 197 core:starter_city 54.542
[TURN] active 198 17.804
[TURN] facility 198 19.185
[TURN] background 198 core:starter_city 60.155
[TURN] active 199 17.107
[TURN] facility 199 18.516
[TURN] background 199 core:starter_city 59.299
[TURN] active 200 17.678
[TURN] facility 200 18.871
[TURN] background 200 core:starter_city 53.060
[TURN] active 201 12.319
[TURN] facility 201 13.557
[TURN] background 201 core:starter_city 47.536
[TURN] active 202 13.504
[TURN] facility 202 14.823
[TURN] background 202 core:starter_city 59.165
[TURN] active 203 17.817
[TURN] facility 203 19.418
[TURN] background 203 core:starter_city 67.408
[TURN] active 204 11.916
[TURN] facility 204 13.469
[TURN] background 204 core:starter_city 49.386
[TURN] active 205 12.036
[TURN] facility 205 13.222
[TURN] background 205 core:starter_city 42.015
[TURN] active 206 12.136
[TURN] facility 206 13.356
[TURN] background 206 core:starter_city 47.665
[TURN] active 207 17.575
[TURN] facility 207 18.856
[TURN] background 207 core:starter_city 58.229
[TURN] active 208 17.956
[TURN] facility 208 19.499
[TURN] background 208 core:starter_city 58.493
[TURN] active 209 17.967
[TURN] facility 209 19.530
[TURN] background 209 core:starter_city 53.074
[TURN] active 210 16.970
[TURN] facility 210 18.301
[TURN] background 210 core:starter_city 60.960
[TURN] active 211 19.296
[TURN] facility 211 21.022
[TURN] background 211 core:starter_city 75.044
[TURN] active 212 17.576
[TURN] facility 212 18.905
[TURN] background 212 core:starter_city 47.572
[TURN] active 213 18.525
[TURN] facility 213 19.857
[TURN] background 213 core:starter_city 42.755
[TURN] active 214 17.528
[TURN] facility 214 19.432
[TURN] background 214 core:starter_city 59.967
[TURN] active 215 18.531
[TURN] facility 215 20.253
[TURN] background 215 core:starter_city 64.752
[TURN] active 216 17.788
[TURN] facility 216 19.214
[TURN] background 216 core:starter_city 48.146
[TURN] active 217 17.761
[TURN] facility 217 19.288
[TURN] background 217 core:starter_city 53.702
[TURN] active 218 17.855
[TURN] facility 218 19.205
[TURN] background 218 core:starter_city 58.159
[TURN] active 219 18.091
[TURN] facility 219 19.774
[TURN] background 219 core:starter_city 48.347
[TURN] active 220 18.163
[TURN] facility 220 19.485
[TURN] background 220 core:starter_city 47.599
[TURN] active 221 12.447
[TURN] facility 221 13.965
[TURN] background 221 core:starter_city 53.045
[TURN] active 222 12.601
[TURN] facility 222 13.928
[TURN] background 222 core:starter_city 53.690
[TURN] active 223 12.427
[TURN] facility 223 14.066
[TURN] background 223 core:starter_city 49.379
[TURN] active 224 12.986
[TURN] facility 224 14.347
[TURN] background 224 core:starter_city 48.719
[TURN] active 225 12.117
[TURN] facility 225 13.414
[TURN] background 225 core:starter_city 52.303
[TURN] active 226 12.116
[TURN] facility 226 13.560
[TURN] background 226 core:starter_city 47.086
[TURN] active 227 12.072
[TURN] facility 227 13.646
[TURN] background 227 core:starter_city 52.197
[TURN] active 228 12.118
[TURN] facility 228 13.759
[TURN] background 228 core:starter_city 52.205
[TURN] active 229 12.112
[TURN] facility 229 13.622
[TURN] background 229 core:starter_city 52.186
[TURN] active 230 12.198
[TURN] facility 230 13.686
[TURN] background 230 core:starter_city 48.535
[TURN] active 231 269.164
[TURN] facility 231 286.251
[TURN] background 231 core:simulation_overworld_region_xn1_yp0_d0 392.894
[TURN] background 231 core:starter_city 431.665
[TURN] active 232 0.138
[TURN] facility 232 1.171
[TURN] background 232 core:simulation_overworld_region_xn1_yp0_d0 85.443
[TURN] background 232 core:starter_city 124.429
[TURN] active 233 0.138
[TURN] facility 233 0.924
[TURN] background 233 core:simulation_overworld_region_xn1_yp0_d0 96.088
[TURN] background 233 core:starter_city 135.091
[TURN] active 234 0.145
[TURN] facility 234 0.957
[TURN] background 234 core:simulation_overworld_region_xn1_yp0_d0 121.835
[TURN] background 234 core:starter_city 160.876
[TURN] active 235 0.149
[TURN] facility 235 1.007
[TURN] background 235 core:simulation_overworld_region_xn1_yp0_d0 92.220
[TURN] background 235 core:starter_city 122.733
[TURN] active 236 0.173
[TURN] facility 236 1.355
[TURN] background 236 core:simulation_overworld_region_xn1_yp0_d0 93.916
[TURN] background 236 core:starter_city 128.723
[TURN] active 237 0.136
[TURN] facility 237 0.968
[TURN] background 237 core:simulation_overworld_region_xn1_yp0_d0 75.232
[TURN] background 237 core:starter_city 104.517
[TURN] active 238 0.124
[TURN] facility 238 0.970
[TURN] background 238 core:simulation_overworld_region_xn1_yp0_d0 96.417
[TURN] background 238 core:starter_city 125.403
[TURN] active 239 0.134
[TURN] facility 239 1.002
[TURN] background 239 core:simulation_overworld_region_xn1_yp0_d0 92.078
[TURN] background 239 core:starter_city 132.855
[PERF ACTION] {"max_ms":162.5583,"median_ms":130.29379999999998,"operation":"wait","scene":"depth-one"}
[PERF ACTION] {"max_ms":10.5452,"median_ms":10.035,"operation":"engine-snapshot","scene":"depth-one"}
[PERF ACTION] {"max_ms":109.9355,"median_ms":102.7972,"operation":"app-snapshot","scene":"depth-one"}
[PERF ACTION] {"max_ms":23.1482,"median_ms":21.668,"operation":"state-fingerprint","scene":"depth-one"}
[PERF ACTION] {"max_ms":3.6668,"median_ms":2.9504,"operation":"content-fingerprints","scene":"depth-one"}
[PERF ACTION] {"max_ms":138.3317,"median_ms":129.607,"operation":"suspension","scene":"depth-one"}
[PERF ACTION] {"max_ms":252.97150000000002,"median_ms":214.4768,"operation":"checkpoint","scene":"depth-one"}
[PERF ACTION] {"max_ms":11.9682,"median_ms":11.7771,"operation":"presentation-clone","scene":"depth-one"}
[PERF ACTION] {"max_ms":47.8939,"median_ms":36.0008,"operation":"presentation-fingerprint","scene":"depth-one"}
[PERF ACTION] {"max_ms":26.7973,"median_ms":24.4863,"operation":"presentation-bincode","scene":"depth-one"}
[PERF ACTION] {"max_ms":20.3285,"median_ms":19.667,"operation":"engine-byte-bincode","scene":"depth-one"}
[TURN] active 1 6.190
[TURN] facility 1 19.325
[TURN] active 2 6.158
[TURN] facility 2 17.460
[TURN] active 3 6.298
[TURN] facility 3 17.243
[TURN] active 4 6.549
[TURN] facility 4 17.322
[TURN] active 5 9.225
[TURN] facility 5 25.910
[TURN] active 6 8.152
[TURN] facility 6 18.913
[TURN] active 7 6.294
[TURN] facility 7 16.571
[TURN] active 8 6.093
[TURN] facility 8 17.496
[TURN] active 9 12.647
[TURN] facility 9 23.675
[TURN] active 10 12.344
[TURN] facility 10 22.795
[TURN] active 11 12.589
[TURN] facility 11 22.465
[TURN] active 12 12.301
[TURN] facility 12 22.140
[TURN] active 13 12.543
[TURN] facility 13 21.930
[TURN] active 14 12.408
[TURN] facility 14 21.658
[TURN] active 15 12.801
[TURN] facility 15 21.602
[TURN] active 16 12.398
[TURN] facility 16 20.974
[TURN] active 17 12.415
[TURN] facility 17 20.935
[TURN] active 18 7.052
[TURN] facility 18 13.124
[TURN] active 19 13.027
[TURN] facility 19 19.602
[TURN] active 20 12.879
[TURN] facility 20 18.806
[TURN] active 21 12.460
[TURN] facility 21 17.691
[TURN] active 22 13.022
[TURN] facility 22 18.089
[TURN] active 23 12.598
[TURN] facility 23 17.558
[TURN] active 24 12.393
[TURN] facility 24 19.015
[TURN] active 25 6.243
[TURN] facility 25 12.914
[TURN] active 26 12.185
[TURN] facility 26 18.558
[TURN] active 27 12.356
[TURN] facility 27 18.505
[TURN] active 28 12.749
[TURN] facility 28 17.230
[TURN] active 29 12.845
[TURN] facility 29 17.334
[TURN] active 30 12.252
[TURN] facility 30 16.409
[TURN] active 31 12.744
[TURN] facility 31 17.358
[TURN] active 32 12.297
[TURN] facility 32 16.467
[TURN] active 33 12.293
[TURN] facility 33 16.130
[TURN] active 34 12.615
[TURN] facility 34 16.386
[TURN] active 35 12.224
[TURN] facility 35 15.764
[TURN] active 36 12.524
[TURN] facility 36 16.234
[TURN] active 37 12.308
[TURN] facility 37 16.014
[TURN] active 38 12.674
[TURN] facility 38 17.167
[TURN] active 39 19.368
[TURN] facility 39 24.336
[TURN] active 40 15.022
[TURN] facility 40 20.334
[TURN] active 41 17.027
[TURN] facility 41 20.388
[TURN] active 42 12.228
[TURN] facility 42 15.831
[TURN] active 43 13.058
[TURN] facility 43 23.502
[TURN] active 44 12.457
[TURN] facility 44 15.666
[TURN] active 45 12.601
[TURN] facility 45 34.248
[TURN] active 46 8.618
[TURN] facility 46 31.153
[TURN] active 47 1.406
[TURN] facility 47 22.602
[TURN] active 48 12.704
[TURN] facility 48 33.969
[TURN] active 49 19.219
[TURN] facility 49 25.007
[TURN] active 50 21.799
[TURN] facility 50 26.591
[TURN] active 51 16.350
[TURN] facility 51 20.599
[TURN] active 52 12.765
[TURN] facility 52 16.631
[TURN] active 53 13.494
[TURN] facility 53 18.682
[TURN] active 54 18.405
[TURN] facility 54 24.122
[TURN] active 55 19.466
[TURN] facility 55 24.151
[TURN] active 56 12.687
[TURN] facility 56 17.323
[TURN] active 57 18.027
[TURN] facility 57 22.059
[TURN] active 58 13.332
[TURN] facility 58 16.244
[TURN] active 59 13.295
[TURN] facility 59 16.314
[TURN] active 60 12.914
[TURN] facility 60 15.935
[TURN] active 61 12.785
[TURN] facility 61 15.898
[TURN] active 62 12.268
[TURN] facility 62 14.783
[TURN] active 63 13.228
[TURN] facility 63 15.998
[TURN] active 64 12.347
[TURN] facility 64 14.359
[TURN] active 65 12.433
[TURN] facility 65 14.284
[TURN] active 66 12.158
[TURN] facility 66 13.881
[TURN] active 67 12.392
[TURN] facility 67 14.353
[TURN] active 68 12.583
[TURN] facility 68 14.390
[TURN] active 69 15.845
[TURN] facility 69 18.070
[TURN] active 70 16.768
[TURN] facility 70 19.156
[TURN] active 71 19.942
[TURN] facility 71 21.856
[TURN] active 72 15.095
[TURN] facility 72 17.265
[TURN] active 73 15.615
[TURN] facility 73 17.373
[TURN] active 74 20.106
[TURN] facility 74 22.295
[TURN] active 75 14.267
[TURN] facility 75 15.767
[TURN] active 76 12.565
[TURN] facility 76 13.986
[TURN] active 77 12.793
[TURN] facility 77 14.489
[TURN] active 78 12.400
[TURN] facility 78 13.770
[TURN] active 79 12.174
[TURN] facility 79 13.723
[TURN] active 80 12.181
[TURN] facility 80 13.657
[TURN] active 81 12.287
[TURN] facility 81 13.858
[TURN] active 82 12.549
[TURN] facility 82 13.878
[TURN] active 83 12.072
[TURN] facility 83 13.434
[TURN] active 84 12.666
[TURN] facility 84 15.341
[TURN] active 85 12.351
[TURN] facility 85 14.988
[TURN] active 86 12.274
[TURN] facility 86 14.515
[TURN] active 87 12.361
[TURN] facility 87 14.432
[TURN] active 88 12.416
[TURN] facility 88 14.165
[TURN] active 89 12.312
[TURN] facility 89 19.326
[TURN] active 90 12.721
[TURN] facility 90 19.145
[TURN] active 91 12.318
[TURN] facility 91 18.612
[TURN] active 92 17.645
[TURN] facility 92 26.760
[TURN] active 93 18.923
[TURN] facility 93 26.090
[TURN] active 94 16.237
[TURN] facility 94 22.878
[TURN] active 95 14.044
[TURN] facility 95 21.738
[TURN] active 96 15.719
[TURN] facility 96 23.910
[TURN] active 97 13.205
[TURN] facility 97 19.059
[TURN] active 98 13.402
[TURN] facility 98 19.611
[TURN] active 99 12.636
[TURN] facility 99 18.448
[TURN] active 100 12.226
[TURN] facility 100 17.762
[TURN] active 101 12.582
[TURN] facility 101 18.069
[TURN] active 102 12.266
[TURN] facility 102 17.740
[TURN] active 103 12.359
[TURN] facility 103 17.683
[TURN] active 104 12.295
[TURN] facility 104 18.285
[TURN] active 105 12.800
[TURN] facility 105 20.720
[TURN] active 106 14.461
[TURN] facility 106 21.977
[TURN] active 107 17.815
[TURN] facility 107 25.346
[TURN] active 108 14.783
[TURN] facility 108 19.799
[TURN] active 109 12.286
[TURN] facility 109 16.924
[TURN] active 110 12.638
[TURN] facility 110 19.583
[TURN] active 111 12.480
[TURN] facility 111 17.002
[TURN] active 112 12.814
[TURN] facility 112 17.034
[TURN] active 113 12.313
[TURN] facility 113 16.751
[TURN] active 114 12.287
[TURN] facility 114 17.160
[TURN] active 115 12.605
[TURN] facility 115 16.652
[TURN] active 116 12.522
[TURN] facility 116 16.525
[TURN] active 117 12.383
[TURN] facility 117 16.545
[TURN] active 118 12.265
[TURN] facility 118 16.263
[TURN] active 119 12.270
[TURN] facility 119 16.540
[TURN] active 120 12.496
[TURN] facility 120 16.576
[TURN] active 121 12.258
[TURN] facility 121 17.825
[TURN] active 122 12.957
[TURN] facility 122 18.535
[TURN] active 123 12.329
[TURN] facility 123 17.420
[TURN] active 124 12.976
[TURN] facility 124 18.268
[TURN] active 125 12.782
[TURN] facility 125 17.965
[TURN] active 126 12.525
[TURN] facility 126 17.389
[TURN] active 127 12.510
[TURN] facility 127 17.052
[TURN] active 128 12.765
[TURN] facility 128 17.136
[TURN] active 129 12.284
[TURN] facility 129 16.556
[TURN] active 130 12.778
[TURN] facility 130 16.973
[TURN] active 131 12.493
[TURN] facility 131 16.715
[TURN] active 132 12.763
[TURN] facility 132 16.635
[TURN] active 133 13.101
[TURN] facility 133 17.002
[TURN] active 134 12.463
[TURN] facility 134 16.242
[TURN] active 135 12.816
[TURN] facility 135 16.585
[TURN] active 136 12.786
[TURN] facility 136 16.426
[TURN] active 137 12.374
[TURN] facility 137 15.839
[TURN] active 138 12.668
[TURN] facility 138 16.232
[TURN] active 139 12.770
[TURN] facility 139 16.153
[TURN] active 140 12.977
[TURN] facility 140 16.219
[TURN] active 141 18.414
[TURN] facility 141 21.666
[TURN] active 142 17.989
[TURN] facility 142 20.963
[TURN] active 143 18.612
[TURN] facility 143 21.348
[TURN] active 144 17.854
[TURN] facility 144 20.606
[TURN] active 145 17.636
[TURN] facility 145 19.946
[TURN] active 146 18.229
[TURN] facility 146 20.906
[TURN] active 147 17.875
[TURN] facility 147 20.123
[TURN] active 148 18.492
[TURN] facility 148 20.556
[TURN] active 149 12.717
[TURN] facility 149 15.394
[TURN] active 150 18.190
[TURN] facility 150 20.867
[TURN] active 151 18.773
[TURN] facility 151 21.765
[TURN] active 152 10.242
[TURN] facility 152 12.887
[TURN] active 153 7.816
[TURN] facility 153 10.104
[TURN] active 154 8.386
[TURN] facility 154 10.462
[TURN] active 155 6.187
[TURN] facility 155 7.748
[TURN] active 156 6.382
[TURN] facility 156 7.945
[TURN] active 157 5.998
[TURN] facility 157 7.573
[TURN] active 158 6.786
[TURN] facility 158 8.599
[TURN] active 159 5.993
[TURN] facility 159 7.699
[TURN] active 160 280.370
[TURN] facility 160 284.591
[TURN] background 160 core:starter_city 314.225
[TURN] active 161 5.774
[TURN] facility 161 7.083
[TURN] background 161 core:starter_city 47.350
[TURN] active 162 5.514
[TURN] facility 162 6.799
[TURN] background 162 core:starter_city 37.648
[TURN] active 163 5.599
[TURN] facility 163 6.908
[TURN] background 163 core:starter_city 46.014
[TURN] active 164 5.536
[TURN] facility 164 6.635
[TURN] background 164 core:starter_city 46.865
[TURN] active 165 5.507
[TURN] facility 165 6.613
[TURN] background 165 core:starter_city 45.517
[TURN] active 166 5.559
[TURN] facility 166 6.702
[TURN] background 166 core:starter_city 40.468
[TURN] active 167 5.564
[TURN] facility 167 6.682
[TURN] background 167 core:starter_city 29.571
[TURN] active 168 6.114
[TURN] facility 168 7.305
[TURN] background 168 core:starter_city 47.085
[TURN] active 169 11.661
[TURN] facility 169 12.938
[TURN] background 169 core:starter_city 224.290
[TURN] active 170 11.625
[TURN] facility 170 12.792
[TURN] background 170 core:starter_city 219.925
[TURN] active 171 18.257
[TURN] facility 171 20.313
[TURN] background 171 core:starter_city 246.593
[TURN] active 172 13.796
[TURN] facility 172 15.196
[TURN] background 172 core:starter_city 236.616
[TURN] active 173 13.451
[TURN] facility 173 15.120
[TURN] background 173 core:starter_city 239.990
[TURN] active 174 11.380
[TURN] facility 174 12.670
[TURN] background 174 core:starter_city 208.283
[TURN] active 175 11.858
[TURN] facility 175 13.379
[TURN] background 175 core:starter_city 249.756
[TURN] active 176 17.581
[TURN] facility 176 19.118
[TURN] background 176 core:starter_city 234.492
[TURN] active 177 17.414
[TURN] facility 177 19.005
[TURN] background 177 core:starter_city 233.184
[TURN] active 178 20.713
[TURN] facility 178 22.167
[TURN] background 178 core:starter_city 248.430
[TURN] active 179 17.947
[TURN] facility 179 19.912
[TURN] background 179 core:starter_city 230.828
[TURN] active 180 18.406
[TURN] facility 180 19.967
[TURN] background 180 core:starter_city 240.344
[TURN] active 181 19.962
[TURN] facility 181 21.591
[TURN] background 181 core:starter_city 233.997
[TURN] active 182 12.792
[TURN] facility 182 14.284
[TURN] background 182 core:starter_city 208.578
[TURN] active 183 13.411
[TURN] facility 183 14.890
[TURN] background 183 core:starter_city 216.923
[TURN] active 184 13.178
[TURN] facility 184 14.577
[TURN] background 184 core:starter_city 220.975
[TURN] active 185 17.289
[TURN] facility 185 18.765
[TURN] background 185 core:starter_city 234.452
[TURN] active 186 16.562
[TURN] facility 186 17.951
[TURN] background 186 core:starter_city 221.829
[TURN] active 187 17.600
[TURN] facility 187 19.065
[TURN] background 187 core:starter_city 228.746
[TURN] active 188 19.625
[TURN] facility 188 21.022
[TURN] background 188 core:starter_city 223.806
[TURN] active 189 19.752
[TURN] facility 189 21.152
[TURN] background 189 core:starter_city 240.752
[TURN] active 190 18.381
[TURN] facility 190 19.783
[TURN] background 190 core:starter_city 252.679
[TURN] active 191 11.835
[TURN] facility 191 13.089
[TURN] background 191 core:starter_city 208.002
[TURN] active 192 11.469
[TURN] facility 192 12.652
[TURN] background 192 core:starter_city 217.434
[TURN] active 193 11.949
[TURN] facility 193 13.092
[TURN] background 193 core:starter_city 228.031
[TURN] active 194 19.194
[TURN] facility 194 20.892
[TURN] background 194 core:starter_city 57.637
[TURN] active 195 19.287
[TURN] facility 195 21.225
[TURN] background 195 core:starter_city 62.942
[TURN] active 196 12.804
[TURN] facility 196 14.210
[TURN] background 196 core:starter_city 51.241
[TURN] active 197 17.569
[TURN] facility 197 18.887
[TURN] background 197 core:starter_city 55.911
[TURN] active 198 19.567
[TURN] facility 198 21.205
[TURN] background 198 core:starter_city 79.872
[TURN] active 199 19.827
[TURN] facility 199 21.304
[TURN] background 199 core:starter_city 65.974
[TURN] active 200 18.174
[TURN] facility 200 19.398
[TURN] background 200 core:starter_city 55.898
[TURN] active 201 12.551
[TURN] facility 201 14.362
[TURN] background 201 core:starter_city 51.850
[TURN] active 202 12.928
[TURN] facility 202 14.568
[TURN] background 202 core:starter_city 57.922
[TURN] active 203 12.875
[TURN] facility 203 14.544
[TURN] background 203 core:starter_city 56.485
[TURN] active 204 11.760
[TURN] facility 204 13.275
[TURN] background 204 core:starter_city 52.929
[TURN] active 205 12.443
[TURN] facility 205 13.674
[TURN] background 205 core:starter_city 44.304
[TURN] active 206 12.811
[TURN] facility 206 14.403
[TURN] background 206 core:starter_city 51.386
[TURN] active 207 18.425
[TURN] facility 207 19.945
[TURN] background 207 core:starter_city 61.906
[TURN] active 208 18.106
[TURN] facility 208 19.687
[TURN] background 208 core:starter_city 61.563
[TURN] active 209 17.835
[TURN] facility 209 19.348
[TURN] background 209 core:starter_city 54.156
[TURN] active 210 17.853
[TURN] facility 210 19.405
[TURN] background 210 core:starter_city 58.512
[TURN] active 211 17.501
[TURN] facility 211 18.833
[TURN] background 211 core:starter_city 58.528
[TURN] active 212 17.572
[TURN] facility 212 18.855
[TURN] background 212 core:starter_city 47.876
[TURN] active 213 26.924
[TURN] facility 213 28.725
[TURN] background 213 core:starter_city 65.465
[TURN] active 214 23.614
[TURN] facility 214 24.939
[TURN] background 214 core:starter_city 59.195
[TURN] active 215 17.362
[TURN] facility 215 19.010
[TURN] background 215 core:starter_city 52.607
[TURN] active 216 21.843
[TURN] facility 216 23.667
[TURN] background 216 core:starter_city 58.468
[TURN] active 217 28.346
[TURN] facility 217 30.227
[TURN] background 217 core:starter_city 75.248
[TURN] active 218 19.707
[TURN] facility 218 21.079
[TURN] background 218 core:starter_city 62.267
[TURN] active 219 18.906
[TURN] facility 219 20.159
[TURN] background 219 core:starter_city 52.994
[TURN] active 220 19.652
[TURN] facility 220 21.264
[TURN] background 220 core:starter_city 52.775
[TURN] active 221 13.428
[TURN] facility 221 15.024
[TURN] background 221 core:starter_city 55.548
[TURN] active 222 12.394
[TURN] facility 222 13.721
[TURN] background 222 core:starter_city 55.032
[TURN] active 223 12.449
[TURN] facility 223 13.666
[TURN] background 223 core:starter_city 50.861
[TURN] active 224 12.684
[TURN] facility 224 13.935
[TURN] background 224 core:starter_city 48.454
[TURN] active 225 12.505
[TURN] facility 225 13.839
[TURN] background 225 core:starter_city 52.986
[TURN] active 226 12.441
[TURN] facility 226 13.708
[TURN] background 226 core:starter_city 47.351
[TURN] active 227 12.257
[TURN] facility 227 13.456
[TURN] background 227 core:starter_city 52.329
[TURN] active 228 12.329
[TURN] facility 228 13.561
[TURN] background 228 core:starter_city 52.373
[TURN] active 229 12.941
[TURN] facility 229 14.401
[TURN] background 229 core:starter_city 53.479
[TURN] active 230 12.464
[TURN] facility 230 13.718
[TURN] background 230 core:starter_city 47.648
[TURN] active 231 264.010
[TURN] facility 231 265.278
[TURN] background 231 core:simulation_overworld_region_xn1_yp0_d0 373.815
[TURN] background 231 core:starter_city 414.293
[TURN] active 232 0.179
[TURN] facility 232 1.194
[TURN] background 232 core:simulation_overworld_region_xn1_yp0_d0 86.826
[TURN] background 232 core:starter_city 125.959
[TURN] active 233 0.133
[TURN] facility 233 0.901
[TURN] background 233 core:simulation_overworld_region_xn1_yp0_d0 96.089
[TURN] background 233 core:starter_city 135.672
[TURN] active 234 0.178
[TURN] facility 234 1.044
[TURN] background 234 core:simulation_overworld_region_xn1_yp0_d0 122.610
[TURN] background 234 core:starter_city 166.794
[TURN] active 235 0.189
[TURN] facility 235 1.138
[TURN] background 235 core:simulation_overworld_region_xn1_yp0_d0 102.401
[TURN] background 235 core:starter_city 126.453
[TURN] active 236 0.133
[TURN] facility 236 0.972
[TURN] background 236 core:simulation_overworld_region_xn1_yp0_d0 98.765
[TURN] background 236 core:starter_city 137.974
[TURN] active 237 0.160
[TURN] facility 237 1.122
[TURN] background 237 core:simulation_overworld_region_xn1_yp0_d0 78.332
[TURN] background 237 core:starter_city 107.841
[TURN] active 238 0.132
[TURN] facility 238 1.038
[TURN] background 238 core:simulation_overworld_region_xn1_yp0_d0 97.617
[TURN] background 238 core:starter_city 128.511
[TURN] active 239 0.136
[TURN] facility 239 1.012
[TURN] background 239 core:simulation_overworld_region_xn1_yp0_d0 91.305
[TURN] background 239 core:starter_city 131.484
